[colorlib.com/etc/dup/index.html]
[colorlib.com/etc/dup/img/fav.png]
[backblue.gif]
[fade.gif]
[index.html]
[colorlib.com/etc/dup/css/linearicons.css]
[colorlib.com/etc/dup/css/owl.carousel.css]
[colorlib.com/etc/dup/css/font-awesome.min.css]
[colorlib.com/etc/dup/css/nice-select.css]
[colorlib.com/etc/dup/css/magnific-popup.css]
[colorlib.com/etc/dup/css/bootstrap.css]
[colorlib.com/etc/dup/css/main.css]
[colorlib.com/etc/dup/img/logo.png]
[colorlib.com/etc/dup/generic.html]
[colorlib.com/etc/dup/elements.html]
[colorlib.com/etc/dup/img/banner.png]
[colorlib.com/etc/dup/img/s.jpg]
[colorlib.com/etc/dup/img/play-btn.png]
[colorlib.com/etc/dup/img/c.jpg]
[colorlib.com/etc/dup/img/i1.jpg]
[colorlib.com/etc/dup/img/i2.jpg]
[colorlib.com/etc/dup/img/i3.jpg]
[colorlib.com/etc/dup/img/i4.jpg]
[colorlib.com/etc/dup/img/i5.jpg]
[colorlib.com/etc/dup/img/i6.jpg]
[colorlib.com/etc/dup/img/i7.jpg]
[colorlib.com/etc/dup/img/i8.jpg]
[colorlib.com/cdn-cgi/scripts/5c5dd728/cloudflare-static/email-decode.min.js]
[colorlib.com/etc/dup/js/vendor/jquery-2.2.4.min.js]
[cdnjs.cloudflare.com/ajax/libs/popper.js/1.11.0/umd/popper.min.js]
[colorlib.com/etc/dup/js/vendor/bootstrap.min.js]
[colorlib.com/etc/dup/js/jquery.ajaxchimp.min.js]
[colorlib.com/etc/dup/js/owl.carousel.min.js]
[colorlib.com/etc/dup/js/jquery.nice-select.min.js]
[colorlib.com/etc/dup/js/jquery.magnific-popup.min.js]
[colorlib.com/etc/dup/index.html]
[colorlib.com/etc/dup/img/fav.html]
[colorlib.com/etc/dup/js/main.js]
[colorlib.com/etc/dup/fonts/Linearicons-Free54e9.eot]
[colorlib.com/etc/dup/fonts/Linearicons-Freed41d.eot]
[colorlib.com/etc/dup/fonts/Linearicons-Free54e9.woff2]
[colorlib.com/etc/dup/fonts/Linearicons-Free54e9.woff]
[colorlib.com/etc/dup/fonts/Linearicons-Free54e9.ttf]
[colorlib.com/etc/dup/css/linearicons.css]
[colorlib.com/etc/dup/fonts/Linearicons-Free54e9.svg]
[colorlib.com/etc/dup/css/owl.video.play.png]
[colorlib.com/etc/dup/css/owl.carousel.css]
[colorlib.com/etc/dup/fonts/fontawesome-webfont3e6e.eot]
[colorlib.com/etc/dup/fonts/fontawesome-webfontd41d.eot]
[colorlib.com/etc/dup/fonts/fontawesome-webfont3e6e.woff2]
[colorlib.com/etc/dup/fonts/fontawesome-webfont3e6e.woff]
[colorlib.com/etc/dup/fonts/fontawesome-webfont3e6e.ttf]
[colorlib.com/etc/dup/css/font-awesome.min.css]
[colorlib.com/etc/dup/css/nice-select.css]
[colorlib.com/etc/dup/css/magnific-popup.css]
[colorlib.com/etc/dup/css/bootstrap.css]
[colorlib.com/etc/dup/fonts/fontawesome-webfont3e6e.svg]
[colorlib.com/etc/dup/img/elements/primary-check.png]
[colorlib.com/etc/dup/img/elements/success-check.png]
[colorlib.com/etc/dup/img/elements/disabled-check.png]
[colorlib.com/etc/dup/img/elements/primary-radio.png]
[colorlib.com/etc/dup/img/elements/success-radio.png]
[colorlib.com/etc/dup/img/elements/disabled-radio.png]
[colorlib.com/etc/dup/img/studio-bg.jpg]
[colorlib.com/etc/dup/img/video-area-bg.jpg]
[colorlib.com/etc/dup/img/carousel-bg.jpg]
[colorlib.com/etc/dup/img/f-bg.jpg]
[colorlib.com/etc/dup/img/g-bg.jpg]
[colorlib.com/etc/dup/css/main.css]
[colorlib.com/etc/dup/img/a.jpg]
[colorlib.com/etc/dup/img/a2.jpg]
[colorlib.com/etc/dup/generic.html]
[colorlib.com/etc/dup/img/logo2.png]
[colorlib.com/etc/dup/img/d.jpg]
[colorlib.com/etc/dup/img/f1.jpg]
[colorlib.com/etc/dup/img/f2.jpg]
[colorlib.com/etc/dup/img/f3.jpg]
[colorlib.com/etc/dup/img/f4.jpg]
[colorlib.com/etc/dup/img/f5.jpg]
[colorlib.com/etc/dup/img/f6.jpg]
[colorlib.com/etc/dup/img/f7.jpg]
[colorlib.com/etc/dup/img/f8.jpg]
[colorlib.com/etc/dup/img/g1.jpg]
[colorlib.com/etc/dup/img/g2.jpg]
[colorlib.com/etc/dup/img/g3.jpg]
[colorlib.com/etc/dup/img/g4.jpg]
[colorlib.com/etc/dup/img/g5.jpg]
[colorlib.com/etc/dup/img/g6.jpg]
[colorlib.com/etc/dup/img/g7.jpg]
[colorlib.com/etc/dup/img/g8.jpg]
[colorlib.com/etc/dup/elements.html]
[colorlib.com/etc/dup/fonts/Linearicons-Free54e9.svg]
[colorlib.com/etc/dup/css/owl.video.play.html]
[colorlib.com/etc/dup/fonts/fontawesome-webfont3e6e.svg]
[colorlib.com/etc/dup/img/carousel-bg.html]
